[2021-09-08T03:35:55.946-0400][gc,heap] Heap region size: 1M
[2021-09-08T03:35:55.958-0400][gc     ] Using G1
[2021-09-08T03:35:55.959-0400][gc,heap,coops] Heap address: 0x00000000e0000000, size: 512 MB, Compressed Oops mode: 32-bit
[2021-09-08T03:35:55.959-0400][gc,cds       ] Mark closed archive regions in map: [0x00000000fff00000, 0x00000000fff6aff8]
[2021-09-08T03:35:55.960-0400][gc,cds       ] Mark open archive regions in map: [0x00000000ffe00000, 0x00000000ffe46ff8]
[2021-09-08T03:36:21.817-0400][gc,start     ] GC(0) Pause Young (Normal) (G1 Evacuation Pause)
[2021-09-08T03:36:21.827-0400][gc,task      ] GC(0) Using 6 workers of 6 for evacuation
[2021-09-08T03:36:21.835-0400][gc,phases    ] GC(0)   Pre Evacuate Collection Set: 0.0ms
[2021-09-08T03:36:21.835-0400][gc,phases    ] GC(0)   Evacuate Collection Set: 6.6ms
[2021-09-08T03:36:21.835-0400][gc,phases    ] GC(0)   Post Evacuate Collection Set: 0.8ms
[2021-09-08T03:36:21.835-0400][gc,phases    ] GC(0)   Other: 10.0ms
[2021-09-08T03:36:21.835-0400][gc,heap      ] GC(0) Eden regions: 25->0(21)
[2021-09-08T03:36:21.835-0400][gc,heap      ] GC(0) Survivor regions: 0->4(4)
[2021-09-08T03:36:21.835-0400][gc,heap      ] GC(0) Old regions: 2->4
[2021-09-08T03:36:21.835-0400][gc,heap      ] GC(0) Humongous regions: 0->0
[2021-09-08T03:36:21.835-0400][gc,metaspace ] GC(0) Metaspace: 7698K->7698K(1056768K)
[2021-09-08T03:36:21.835-0400][gc           ] GC(0) Pause Young (Normal) (G1 Evacuation Pause) 25M->6M(512M) 17.500ms
[2021-09-08T03:36:21.835-0400][gc,cpu       ] GC(0) User=0.03s Sys=0.02s Real=0.02s
[2021-09-08T04:32:01.388-0400][gc,heap,exit ] Heap
[2021-09-08T04:32:01.487-0400][gc,heap,exit ]  garbage-first heap   total 524288K, used 11413K [0x00000000e0000000, 0x0000000100000000)
[2021-09-08T04:32:01.487-0400][gc,heap,exit ]   region size 1024K, 10 young (10240K), 4 survivors (4096K)
[2021-09-08T04:32:01.487-0400][gc,heap,exit ]  Metaspace       used 8337K, capacity 8591K, committed 8704K, reserved 1056768K
[2021-09-08T04:32:01.487-0400][gc,heap,exit ]   class space    used 906K, capacity 1015K, committed 1024K, reserved 1048576K
