[2021-09-08T04:32:42.836-0400][gc,heap] Heap region size: 1M
[2021-09-08T04:32:42.842-0400][gc     ] Using G1
[2021-09-08T04:32:42.842-0400][gc,heap,coops] Heap address: 0x00000000e0000000, size: 512 MB, Compressed Oops mode: 32-bit
[2021-09-08T04:32:42.843-0400][gc,cds       ] Mark closed archive regions in map: [0x00000000fff00000, 0x00000000fff6aff8]
[2021-09-08T04:32:42.843-0400][gc,cds       ] Mark open archive regions in map: [0x00000000ffe00000, 0x00000000ffe46ff8]
[2021-09-08T04:32:44.925-0400][gc,start     ] GC(0) Pause Young (Normal) (G1 Evacuation Pause)
[2021-09-08T04:32:44.926-0400][gc,task      ] GC(0) Using 6 workers of 6 for evacuation
[2021-09-08T04:32:44.985-0400][gc,mmu       ] GC(0) MMU target violated: 21.0ms (20.0ms/21.0ms)
[2021-09-08T04:32:44.985-0400][gc,phases    ] GC(0)   Pre Evacuate Collection Set: 0.0ms
[2021-09-08T04:32:44.985-0400][gc,phases    ] GC(0)   Evacuate Collection Set: 57.2ms
[2021-09-08T04:32:44.985-0400][gc,phases    ] GC(0)   Post Evacuate Collection Set: 1.6ms
[2021-09-08T04:32:44.985-0400][gc,phases    ] GC(0)   Other: 0.8ms
[2021-09-08T04:32:44.985-0400][gc,heap      ] GC(0) Eden regions: 25->0(21)
[2021-09-08T04:32:44.985-0400][gc,heap      ] GC(0) Survivor regions: 0->4(4)
[2021-09-08T04:32:44.985-0400][gc,heap      ] GC(0) Old regions: 2->4
[2021-09-08T04:32:44.985-0400][gc,heap      ] GC(0) Humongous regions: 0->0
[2021-09-08T04:32:44.985-0400][gc,metaspace ] GC(0) Metaspace: 7744K->7744K(1056768K)
[2021-09-08T04:32:44.985-0400][gc           ] GC(0) Pause Young (Normal) (G1 Evacuation Pause) 25M->6M(512M) 59.754ms
[2021-09-08T04:32:44.985-0400][gc,cpu       ] GC(0) User=0.07s Sys=0.03s Real=0.06s
[2021-09-08T04:32:53.533-0400][gc,heap,exit ] Heap
[2021-09-08T04:32:53.533-0400][gc,heap,exit ]  garbage-first heap   total 524288K, used 7363K [0x00000000e0000000, 0x0000000100000000)
[2021-09-08T04:32:53.533-0400][gc,heap,exit ]   region size 1024K, 6 young (6144K), 4 survivors (4096K)
[2021-09-08T04:32:53.533-0400][gc,heap,exit ]  Metaspace       used 7780K, capacity 8079K, committed 8192K, reserved 1056768K
[2021-09-08T04:32:53.533-0400][gc,heap,exit ]   class space    used 884K, capacity 1015K, committed 1024K, reserved 1048576K
